This is pdfTeX, Version 3.141592653-2.6-1.40.25 (TeX Live 2023/Debian) (preloaded format=pdflatex 2025.3.11)  29 MAY 2026 13:01
entering extended mode
 restricted \write18 enabled.
 %&-line parsing enabled.
**HECRAS_2D_Workflow.tex
(./HECRAS_2D_Workflow.tex
LaTeX2e <2023-11-01> patch level 1
L3 programming layer <2024-01-22>
(/usr/share/texlive/texmf-dist/tex/latex/base/article.cls
Document Class: article 2023/05/17 v1.4n Standard LaTeX document class
(/usr/share/texlive/texmf-dist/tex/latex/base/size11.clo
File: size11.clo 2023/05/17 v1.4n Standard LaTeX file (size option)
)
\c@part=\count187
\c@section=\count188
\c@subsection=\count189
\c@subsubsection=\count190
\c@paragraph=\count191
\c@subparagraph=\count192
\c@figure=\count193
\c@table=\count194
\abovecaptionskip=\skip48
\belowcaptionskip=\skip49
\bibindent=\dimen140
)
(/usr/share/texlive/texmf-dist/tex/latex/base/inputenc.sty
Package: inputenc 2021/02/14 v1.3d Input encoding file
\inpenc@prehook=\toks17
\inpenc@posthook=\toks18
)
(/usr/share/texlive/texmf-dist/tex/latex/base/fontenc.sty
Package: fontenc 2021/04/29 v2.0v Standard LaTeX package
)
(/usr/share/texlive/texmf-dist/tex/latex/geometry/geometry.sty
Package: geometry 2020/01/02 v5.9 Page Geometry

(/usr/share/texlive/texmf-dist/tex/latex/graphics/keyval.sty
Package: keyval 2022/05/29 v1.15 key=value parser (DPC)
\KV@toks@=\toks19
)
(/usr/share/texlive/texmf-dist/tex/generic/iftex/ifvtex.sty
Package: ifvtex 2019/10/25 v1.7 ifvtex legacy package. Use iftex instead.

(/usr/share/texlive/texmf-dist/tex/generic/iftex/iftex.sty
Package: iftex 2022/02/03 v1.0f TeX engine tests
))
\Gm@cnth=\count195
\Gm@cntv=\count196
\c@Gm@tempcnt=\count197
\Gm@bindingoffset=\dimen141
\Gm@wd@mp=\dimen142
\Gm@odd@mp=\dimen143
\Gm@even@mp=\dimen144
\Gm@layoutwidth=\dimen145
\Gm@layoutheight=\dimen146
\Gm@layouthoffset=\dimen147
\Gm@layoutvoffset=\dimen148
\Gm@dimlist=\toks20
)
(/usr/share/texlive/texmf-dist/tex/latex/xcolor/xcolor.sty
Package: xcolor 2023/11/15 v3.01 LaTeX color extensions (UK)

(/usr/share/texlive/texmf-dist/tex/latex/graphics-cfg/color.cfg
File: color.cfg 2016/01/02 v1.6 sample color configuration
)
Package xcolor Info: Driver file: pdftex.def on input line 274.

(/usr/share/texlive/texmf-dist/tex/latex/graphics-def/pdftex.def
File: pdftex.def 2022/09/22 v1.2b Graphics/color driver for pdftex
)
(/usr/share/texlive/texmf-dist/tex/latex/graphics/mathcolor.ltx)
Package xcolor Info: Model `cmy' substituted by `cmy0' on input line 1350.
Package xcolor Info: Model `hsb' substituted by `rgb' on input line 1354.
Package xcolor Info: Model `RGB' extended on input line 1366.
Package xcolor Info: Model `HTML' substituted by `rgb' on input line 1368.
Package xcolor Info: Model `Hsb' substituted by `hsb' on input line 1369.
Package xcolor Info: Model `tHsb' substituted by `hsb' on input line 1370.
Package xcolor Info: Model `HSB' substituted by `hsb' on input line 1371.
Package xcolor Info: Model `Gray' substituted by `gray' on input line 1372.
Package xcolor Info: Model `wave' substituted by `hsb' on input line 1373.
)
(/usr/share/texlive/texmf-dist/tex/latex/hyperref/hyperref.sty
Package: hyperref 2024-01-20 v7.01h Hypertext links for LaTeX

(/usr/share/texlive/texmf-dist/tex/latex/kvsetkeys/kvsetkeys.sty
Package: kvsetkeys 2022-10-05 v1.19 Key value parser (HO)
)
(/usr/share/texlive/texmf-dist/tex/generic/kvdefinekeys/kvdefinekeys.sty
Package: kvdefinekeys 2019-12-19 v1.6 Define keys (HO)
)
(/usr/share/texlive/texmf-dist/tex/generic/pdfescape/pdfescape.sty
Package: pdfescape 2019/12/09 v1.15 Implements pdfTeX's escape features (HO)

(/usr/share/texlive/texmf-dist/tex/generic/ltxcmds/ltxcmds.sty
Package: ltxcmds 2023-12-04 v1.26 LaTeX kernel commands for general use (HO)
)
(/usr/share/texlive/texmf-dist/tex/generic/pdftexcmds/pdftexcmds.sty
Package: pdftexcmds 2020-06-27 v0.33 Utility functions of pdfTeX for LuaTeX (HO
)

(/usr/share/texlive/texmf-dist/tex/generic/infwarerr/infwarerr.sty
Package: infwarerr 2019/12/03 v1.5 Providing info/warning/error messages (HO)
)
Package pdftexcmds Info: \pdf@primitive is available.
Package pdftexcmds Info: \pdf@ifprimitive is available.
Package pdftexcmds Info: \pdfdraftmode found.
))
(/usr/share/texlive/texmf-dist/tex/latex/hycolor/hycolor.sty
Package: hycolor 2020-01-27 v1.10 Color options for hyperref/bookmark (HO)
)
(/usr/share/texlive/texmf-dist/tex/latex/auxhook/auxhook.sty
Package: auxhook 2019-12-17 v1.6 Hooks for auxiliary files (HO)
)
(/usr/share/texlive/texmf-dist/tex/latex/hyperref/nameref.sty
Package: nameref 2023-11-26 v2.56 Cross-referencing by name of section

(/usr/share/texlive/texmf-dist/tex/latex/refcount/refcount.sty
Package: refcount 2019/12/15 v3.6 Data extraction from label references (HO)
)
(/usr/share/texlive/texmf-dist/tex/generic/gettitlestring/gettitlestring.sty
Package: gettitlestring 2019/12/15 v1.6 Cleanup title references (HO)

(/usr/share/texlive/texmf-dist/tex/latex/kvoptions/kvoptions.sty
Package: kvoptions 2022-06-15 v3.15 Key value format for package options (HO)
))
\c@section@level=\count198
)
(/usr/share/texlive/texmf-dist/tex/latex/etoolbox/etoolbox.sty
Package: etoolbox 2020/10/05 v2.5k e-TeX tools for LaTeX (JAW)
\etb@tempcnta=\count199
)
\@linkdim=\dimen149
\Hy@linkcounter=\count266
\Hy@pagecounter=\count267

(/usr/share/texlive/texmf-dist/tex/latex/hyperref/pd1enc.def
File: pd1enc.def 2024-01-20 v7.01h Hyperref: PDFDocEncoding definition (HO)
Now handling font encoding PD1 ...
... no UTF-8 mapping file for font encoding PD1
)
(/usr/share/texlive/texmf-dist/tex/generic/intcalc/intcalc.sty
Package: intcalc 2019/12/15 v1.3 Expandable calculations with integers (HO)
)
\Hy@SavedSpaceFactor=\count268

(/usr/share/texlive/texmf-dist/tex/latex/hyperref/puenc.def
File: puenc.def 2024-01-20 v7.01h Hyperref: PDF Unicode definition (HO)
Now handling font encoding PU ...
... no UTF-8 mapping file for font encoding PU
)
Package hyperref Info: Hyper figures OFF on input line 4179.
Package hyperref Info: Link nesting OFF on input line 4184.
Package hyperref Info: Hyper index ON on input line 4187.
Package hyperref Info: Plain pages OFF on input line 4194.
Package hyperref Info: Backreferencing OFF on input line 4199.
Package hyperref Info: Implicit mode ON; LaTeX internals redefined.
Package hyperref Info: Bookmarks ON on input line 4446.
\c@Hy@tempcnt=\count269

(/usr/share/texlive/texmf-dist/tex/latex/url/url.sty
\Urlmuskip=\muskip16
Package: url 2013/09/16  ver 3.4  Verb mode for urls, etc.
)
LaTeX Info: Redefining \url on input line 4784.
\XeTeXLinkMargin=\dimen150

(/usr/share/texlive/texmf-dist/tex/generic/bitset/bitset.sty
Package: bitset 2019/12/09 v1.3 Handle bit-vector datatype (HO)

(/usr/share/texlive/texmf-dist/tex/generic/bigintcalc/bigintcalc.sty
Package: bigintcalc 2019/12/15 v1.5 Expandable calculations on big integers (HO
)
))
\Fld@menulength=\count270
\Field@Width=\dimen151
\Fld@charsize=\dimen152
Package hyperref Info: Hyper figures OFF on input line 6063.
Package hyperref Info: Link nesting OFF on input line 6068.
Package hyperref Info: Hyper index ON on input line 6071.
Package hyperref Info: backreferencing OFF on input line 6078.
Package hyperref Info: Link coloring OFF on input line 6083.
Package hyperref Info: Link coloring with OCG OFF on input line 6088.
Package hyperref Info: PDF/A mode OFF on input line 6093.

(/usr/share/texlive/texmf-dist/tex/latex/base/atbegshi-ltx.sty
Package: atbegshi-ltx 2021/01/10 v1.0c Emulation of the original atbegshi
package with kernel methods
)
\Hy@abspage=\count271
\c@Item=\count272
\c@Hfootnote=\count273
)
Package hyperref Info: Driver (autodetected): hpdftex.

(/usr/share/texlive/texmf-dist/tex/latex/hyperref/hpdftex.def
File: hpdftex.def 2024-01-20 v7.01h Hyperref driver for pdfTeX

(/usr/share/texlive/texmf-dist/tex/latex/base/atveryend-ltx.sty
Package: atveryend-ltx 2020/08/19 v1.0a Emulation of the original atveryend pac
kage
with kernel methods
)
\Fld@listcount=\count274
\c@bookmark@seq@number=\count275

(/usr/share/texlive/texmf-dist/tex/latex/rerunfilecheck/rerunfilecheck.sty
Package: rerunfilecheck 2022-07-10 v1.10 Rerun checks for auxiliary files (HO)

(/usr/share/texlive/texmf-dist/tex/generic/uniquecounter/uniquecounter.sty
Package: uniquecounter 2019/12/15 v1.4 Provide unlimited unique counter (HO)
)
Package uniquecounter Info: New unique counter `rerunfilecheck' on input line 2
85.
)
\Hy@SectionHShift=\skip50
)
(/usr/share/texlive/texmf-dist/tex/latex/enumitem/enumitem.sty
Package: enumitem 2019/06/20 v3.9 Customized lists
\labelindent=\skip51
\enit@outerparindent=\dimen153
\enit@toks=\toks21
\enit@inbox=\box51
\enit@count@id=\count276
\enitdp@description=\count277
)
(/usr/share/texlive/texmf-dist/tex/latex/titlesec/titlesec.sty
Package: titlesec 2023/10/27 v2.16 Sectioning titles
\ttl@box=\box52
\beforetitleunit=\skip52
\aftertitleunit=\skip53
\ttl@plus=\dimen154
\ttl@minus=\dimen155
\ttl@toksa=\toks22
\titlewidth=\dimen156
\titlewidthlast=\dimen157
\titlewidthfirst=\dimen158
)
(/usr/share/texlive/texmf-dist/tex/latex/psnfss/mathpazo.sty
Package: mathpazo 2020/03/25 PSNFSS-v9.3 Palatino w/ Pazo Math (D.Puga, WaS) 
\symupright=\mathgroup4
)
(/usr/share/texlive/texmf-dist/tex/latex/graphics/graphicx.sty
Package: graphicx 2021/09/16 v1.2d Enhanced LaTeX Graphics (DPC,SPQR)

(/usr/share/texlive/texmf-dist/tex/latex/graphics/graphics.sty
Package: graphics 2022/03/10 v1.4e Standard LaTeX Graphics (DPC,SPQR)

(/usr/share/texlive/texmf-dist/tex/latex/graphics/trig.sty
Package: trig 2021/08/11 v1.11 sin cos tan (DPC)
)
(/usr/share/texlive/texmf-dist/tex/latex/graphics-cfg/graphics.cfg
File: graphics.cfg 2016/06/04 v1.11 sample graphics configuration
)
Package graphics Info: Driver file: pdftex.def on input line 107.
)
\Gin@req@height=\dimen159
\Gin@req@width=\dimen160
)
(/usr/share/texlive/texmf-dist/tex/latex/float/float.sty
Package: float 2001/11/08 v1.3d Float enhancements (AL)
\c@float@type=\count278
\float@exts=\toks23
\float@box=\box53
\@float@everytoks=\toks24
\@floatcapt=\box54
)
LaTeX Font Info:    Trying to load font information for T1+ppl on input line 29
.

(/usr/share/texlive/texmf-dist/tex/latex/psnfss/t1ppl.fd
File: t1ppl.fd 2001/06/04 font definitions for T1/ppl.
)
(/usr/share/texlive/texmf-dist/tex/latex/l3backend/l3backend-pdftex.def
File: l3backend-pdftex.def 2024-01-04 L3 backend support: PDF output (pdfTeX)
\l__color_backend_stack_int=\count279
\l__pdf_internal_box=\box55
)
(Output/HECRAS_2D_Workflow.aux)
\openout1 = `HECRAS_2D_Workflow.aux'.

LaTeX Font Info:    Checking defaults for OML/cmm/m/it on input line 29.
LaTeX Font Info:    ... okay on input line 29.
LaTeX Font Info:    Checking defaults for OMS/cmsy/m/n on input line 29.
LaTeX Font Info:    ... okay on input line 29.
LaTeX Font Info:    Checking defaults for OT1/cmr/m/n on input line 29.
LaTeX Font Info:    ... okay on input line 29.
LaTeX Font Info:    Checking defaults for T1/cmr/m/n on input line 29.
LaTeX Font Info:    ... okay on input line 29.
LaTeX Font Info:    Checking defaults for TS1/cmr/m/n on input line 29.
LaTeX Font Info:    ... okay on input line 29.
LaTeX Font Info:    Checking defaults for OMX/cmex/m/n on input line 29.
LaTeX Font Info:    ... okay on input line 29.
LaTeX Font Info:    Checking defaults for U/cmr/m/n on input line 29.
LaTeX Font Info:    ... okay on input line 29.
LaTeX Font Info:    Checking defaults for PD1/pdf/m/n on input line 29.
LaTeX Font Info:    ... okay on input line 29.
LaTeX Font Info:    Checking defaults for PU/pdf/m/n on input line 29.
LaTeX Font Info:    ... okay on input line 29.

*geometry* driver: auto-detecting
*geometry* detected driver: pdftex
*geometry* verbose mode - [ preamble ] result:
* driver: pdftex
* paper: a4paper
* layout: <same size as paper>
* layoutoffset:(h,v)=(0.0pt,0.0pt)
* modes: 
* h-part:(L,W,R)=(71.13188pt, 455.24411pt, 71.13188pt)
* v-part:(T,H,B)=(71.13188pt, 702.78308pt, 71.13188pt)
* \paperwidth=597.50787pt
* \paperheight=845.04684pt
* \textwidth=455.24411pt
* \textheight=702.78308pt
* \oddsidemargin=-1.1381pt
* \evensidemargin=-1.1381pt
* \topmargin=-38.1381pt
* \headheight=12.0pt
* \headsep=25.0pt
* \topskip=11.0pt
* \footskip=30.0pt
* \marginparwidth=50.0pt
* \marginparsep=10.0pt
* \columnsep=10.0pt
* \skip\footins=10.0pt plus 4.0pt minus 2.0pt
* \hoffset=0.0pt
* \voffset=0.0pt
* \mag=1000
* \@twocolumnfalse
* \@twosidefalse
* \@mparswitchfalse
* \@reversemarginfalse
* (1in=72.27pt=25.4mm, 1cm=28.453pt)

(/usr/share/texlive/texmf-dist/tex/context/base/mkii/supp-pdf.mkii
[Loading MPS to PDF converter (version 2006.09.02).]
\scratchcounter=\count280
\scratchdimen=\dimen161
\scratchbox=\box56
\nofMPsegments=\count281
\nofMParguments=\count282
\everyMPshowfont=\toks25
\MPscratchCnt=\count283
\MPscratchDim=\dimen162
\MPnumerator=\count284
\makeMPintoPDFobject=\count285
\everyMPtoPDFconversion=\toks26
) (/usr/share/texlive/texmf-dist/tex/latex/epstopdf-pkg/epstopdf-base.sty
Package: epstopdf-base 2020-01-24 v2.11 Base part for package epstopdf
Package epstopdf-base Info: Redefining graphics rule for `.eps' on input line 4
85.

(/usr/share/texlive/texmf-dist/tex/latex/latexconfig/epstopdf-sys.cfg
File: epstopdf-sys.cfg 2010/07/13 v1.3 Configuration of (r)epstopdf for TeX Liv
e
))
Package hyperref Info: Link coloring OFF on input line 29.

(Output/HECRAS_2D_Workflow.out) (Output/HECRAS_2D_Workflow.out)
\@outlinefile=\write3
\openout3 = `HECRAS_2D_Workflow.out'.

\big@size=\dimen163
LaTeX Font Info:    Trying to load font information for OT1+ppl on input line 3
2.

(/usr/share/texlive/texmf-dist/tex/latex/psnfss/ot1ppl.fd
File: ot1ppl.fd 2001/06/04 font definitions for OT1/ppl.
)
LaTeX Font Info:    Trying to load font information for OML+zplm on input line 
32.

(/usr/share/texlive/texmf-dist/tex/latex/psnfss/omlzplm.fd
File: omlzplm.fd 2002/09/08 Fontinst v1.914 font definitions for OML/zplm.
)
LaTeX Font Info:    Trying to load font information for OMS+zplm on input line 
32.

(/usr/share/texlive/texmf-dist/tex/latex/psnfss/omszplm.fd
File: omszplm.fd 2002/09/08 Fontinst v1.914 font definitions for OMS/zplm.
)
LaTeX Font Info:    Trying to load font information for OMX+zplm on input line 
32.

(/usr/share/texlive/texmf-dist/tex/latex/psnfss/omxzplm.fd
File: omxzplm.fd 2002/09/08 Fontinst v1.914 font definitions for OMX/zplm.
)
LaTeX Font Info:    Trying to load font information for OT1+zplm on input line 
32.

(/usr/share/texlive/texmf-dist/tex/latex/psnfss/ot1zplm.fd
File: ot1zplm.fd 2002/09/08 Fontinst v1.914 font definitions for OT1/zplm.
)
<Jpg/Figure1.png, id=64, 638.98724pt x 339.06676pt>
File: Jpg/Figure1.png Graphic file (type png)
<use Jpg/Figure1.png>
Package pdftex.def Info: Jpg/Figure1.png  used on input line 44.
(pdftex.def)             Requested size: 364.19667pt x 193.25453pt.
<Jpg/Figure2.png, id=66, 304.7385pt x 152.36925pt>
File: Jpg/Figure2.png Graphic file (type png)
<use Jpg/Figure2.png>
Package pdftex.def Info: Jpg/Figure2.png  used on input line 52.
(pdftex.def)             Requested size: 364.19667pt x 182.10748pt.
 [1

{/var/lib/texmf/fonts/map/pdftex/updmap/pdftex.map}{/usr/share/texlive/texmf-di
st/fonts/enc/dvips/base/8r.enc}
pdfTeX warning (ext4): destination with the same identifier (name{figure.1}) ha
s been already used, duplicate ignored
<argument> ...shipout:D \box_use:N \l_shipout_box 
                                                  \__shipout_drop_firstpage_...
l.56 
      <./Jpg/Figure1.png>]
<Jpg/Figure10a.png, id=76, 630.55576pt x 202.95825pt>
File: Jpg/Figure10a.png Graphic file (type png)
<use Jpg/Figure10a.png>
Package pdftex.def Info: Jpg/Figure10a.png  used on input line 61.
(pdftex.def)             Requested size: 364.19667pt x 117.22655pt.
 [2
pdfTeX warning (ext4): destination with the same identifier (name{figure.2}) ha
s been already used, duplicate ignored
<argument> ...shipout:D \box_use:N \l_shipout_box 
                                                  \__shipout_drop_firstpage_...
l.66 \newpage
             
pdfTeX warning (ext4): destination with the same identifier (name{figure.3}) ha
s been already used, duplicate ignored
<argument> ...shipout:D \box_use:N \l_shipout_box 
                                                  \__shipout_drop_firstpage_...
l.66 \newpage
              <./Jpg/Figure2.png> <./Jpg/Figure10a.png>]
<Jpg/Figure3.png, id=85, 745.5855pt x 426.393pt>
File: Jpg/Figure3.png Graphic file (type png)
<use Jpg/Figure3.png>
Package pdftex.def Info: Jpg/Figure3.png  used on input line 72.
(pdftex.def)             Requested size: 364.19667pt x 208.28377pt.
<Jpg/Figure4.png, id=86, 690.1785pt x 389.65575pt>
File: Jpg/Figure4.png Graphic file (type png)
<use Jpg/Figure4.png>
Package pdftex.def Info: Jpg/Figure4.png  used on input line 82.
(pdftex.def)             Requested size: 364.19667pt x 205.61876pt.
<Jpg/Figure5.png, id=87, 277.035pt x 280.79906pt>
File: Jpg/Figure5.png Graphic file (type png)
<use Jpg/Figure5.png>
Package pdftex.def Info: Jpg/Figure5.png  used on input line 92.
(pdftex.def)             Requested size: 364.19667pt x 369.1477pt.
 [3
pdfTeX warning (ext4): destination with the same identifier (name{figure.4}) ha
s been already used, duplicate ignored
<argument> ...shipout:D \box_use:N \l_shipout_box 
                                                  \__shipout_drop_firstpage_...
l.96 
     
pdfTeX warning (ext4): destination with the same identifier (name{figure.5}) ha
s been already used, duplicate ignored
<argument> ...shipout:D \box_use:N \l_shipout_box 
                                                  \__shipout_drop_firstpage_...
l.96 
      <./Jpg/Figure3.png> <./Jpg/Figure4.png>]
LaTeX Font Info:    Trying to load font information for T1+cmtt on input line 9
7.

(/usr/share/texlive/texmf-dist/tex/latex/base/t1cmtt.fd
File: t1cmtt.fd 2023/04/13 v2.5m Standard LaTeX font definitions
)
<Jpg/Figure6.png, id=97, 542.62724pt x 274.626pt>
File: Jpg/Figure6.png Graphic file (type png)
<use Jpg/Figure6.png>
Package pdftex.def Info: Jpg/Figure6.png  used on input line 101.
(pdftex.def)             Requested size: 364.19667pt x 184.32112pt.
<Jpg/Figure7.png, id=98, 758.835pt x 433.62pt>
File: Jpg/Figure7.png Graphic file (type png)
<use Jpg/Figure7.png>
Package pdftex.def Info: Jpg/Figure7.png  used on input line 108.
(pdftex.def)             Requested size: 364.19667pt x 208.11539pt.
 [4
pdfTeX warning (ext4): destination with the same identifier (name{figure.6}) ha
s been already used, duplicate ignored
<argument> ...shipout:D \box_use:N \l_shipout_box 
                                                  \__shipout_drop_firstpage_...
l.112 
      {/usr/share/texmf/fonts/enc/dvips/cm-super/cm-super-t1.enc}
pdfTeX warning (ext4): destination with the same identifier (name{figure.7}) ha
s been already used, duplicate ignored
<argument> ...shipout:D \box_use:N \l_shipout_box 
                                                  \__shipout_drop_firstpage_...
l.112 
       <./Jpg/Figure5.png> <./Jpg/Figure6.png>] [5
pdfTeX warning (ext4): destination with the same identifier (name{figure.8}) ha
s been already used, duplicate ignored
<argument> ...shipout:D \box_use:N \l_shipout_box 
                                                  \__shipout_drop_firstpage_...
l.113 \newpage
               <./Jpg/Figure7.png>]

Package hyperref Warning: Difference (2) between bookmark levels is greater 
(hyperref)                than one, level fixed on input line 117.

<Jpg/Figure8.png, id=114, 532.99126pt x 301.125pt>
File: Jpg/Figure8.png Graphic file (type png)
<use Jpg/Figure8.png>
Package pdftex.def Info: Jpg/Figure8.png  used on input line 123.
(pdftex.def)             Requested size: 364.19667pt x 205.76854pt.
<Jpg/Figure9.png, id=115, 527.571pt x 280.04625pt>
File: Jpg/Figure9.png Graphic file (type png)
<use Jpg/Figure9.png>
Package pdftex.def Info: Jpg/Figure9.png  used on input line 130.
(pdftex.def)             Requested size: 364.19667pt x 193.32611pt.
<Jpg/Figure10.png, id=116, 985.88326pt x 251.13824pt>
File: Jpg/Figure10.png Graphic file (type png)
<use Jpg/Figure10.png>
Package pdftex.def Info: Jpg/Figure10.png  used on input line 137.
(pdftex.def)             Requested size: 364.19667pt x 92.77023pt.
<Jpg/Figure11.png, id=117, 457.71pt x 291.33844pt>
File: Jpg/Figure11.png Graphic file (type png)
<use Jpg/Figure11.png>
Package pdftex.def Info: Jpg/Figure11.png  used on input line 148.
(pdftex.def)             Requested size: 364.19667pt x 231.82632pt.
[6
pdfTeX warning (ext4): destination with the same identifier (name{figure.9}) ha
s been already used, duplicate ignored
<argument> ...shipout:D \box_use:N \l_shipout_box 
                                                  \__shipout_drop_firstpage_...
l.151 \end{figure}
                  
pdfTeX warning (ext4): destination with the same identifier (name{figure.10}) h
as been already used, duplicate ignored
<argument> ...shipout:D \box_use:N \l_shipout_box 
                                                  \__shipout_drop_firstpage_...
l.151 \end{figure}
                  
pdfTeX warning (ext4): destination with the same identifier (name{figure.11}) h
as been already used, duplicate ignored
<argument> ...shipout:D \box_use:N \l_shipout_box 
                                                  \__shipout_drop_firstpage_...
l.151 \end{figure}
                   <./Jpg/Figure8.png> <./Jpg/Figure9.png> <./Jpg/Figure10.png>
]
<Jpg/Figure12.png, id=128, 952.15726pt x 519.1395pt>
File: Jpg/Figure12.png Graphic file (type png)
<use Jpg/Figure12.png>
Package pdftex.def Info: Jpg/Figure12.png  used on input line 158.
(pdftex.def)             Requested size: 364.19667pt x 198.57416pt.
<Jpg/Figure13.png, id=129, 1084.05pt x 589.4522pt>
File: Jpg/Figure13.png Graphic file (type png)
<use Jpg/Figure13.png>
Package pdftex.def Info: Jpg/Figure13.png  used on input line 167.
(pdftex.def)             Requested size: 364.19667pt x 198.0276pt.
 [7
pdfTeX warning (ext4): destination with the same identifier (name{figure.12}) h
as been already used, duplicate ignored
<argument> ...shipout:D \box_use:N \l_shipout_box 
                                                  \__shipout_drop_firstpage_...
l.171 
      
pdfTeX warning (ext4): destination with the same identifier (name{figure.13}) h
as been already used, duplicate ignored
<argument> ...shipout:D \box_use:N \l_shipout_box 
                                                  \__shipout_drop_firstpage_...
l.171 
       <./Jpg/Figure11.png> <./Jpg/Figure12.png>]
<Jpg/Figure14.png, id=139, 373.99725pt x 319.79475pt>
File: Jpg/Figure14.png Graphic file (type png)
<use Jpg/Figure14.png>
Package pdftex.def Info: Jpg/Figure14.png  used on input line 176.
(pdftex.def)             Requested size: 364.19667pt x 311.43507pt.
 [8
pdfTeX warning (ext4): destination with the same identifier (name{figure.14}) h
as been already used, duplicate ignored
<argument> ...shipout:D \box_use:N \l_shipout_box 
                                                  \__shipout_drop_firstpage_...
l.181 \newpage
              
pdfTeX warning (ext4): destination with the same identifier (name{figure.15}) h
as been already used, duplicate ignored
<argument> ...shipout:D \box_use:N \l_shipout_box 
                                                  \__shipout_drop_firstpage_...
l.181 \newpage
               <./Jpg/Figure13.png> <./Jpg/Figure14.png>]
<Jpg/Figure15.png, id=148, 822.6735pt x 437.2335pt>
File: Jpg/Figure15.png Graphic file (type png)
<use Jpg/Figure15.png>
Package pdftex.def Info: Jpg/Figure15.png  used on input line 191.
(pdftex.def)             Requested size: 364.19667pt x 193.56421pt.
<Jpg/Figure16.png, id=149, 606.46574pt x 473.97075pt>
File: Jpg/Figure16.png Graphic file (type png)
<use Jpg/Figure16.png>
Package pdftex.def Info: Jpg/Figure16.png  used on input line 200.
(pdftex.def)             Requested size: 364.19667pt x 284.63777pt.
 [9
pdfTeX warning (ext4): destination with the same identifier (name{figure.16}) h
as been already used, duplicate ignored
<argument> ...shipout:D \box_use:N \l_shipout_box 
                                                  \__shipout_drop_firstpage_...
l.205 \newpage
              
pdfTeX warning (ext4): destination with the same identifier (name{figure.17}) h
as been already used, duplicate ignored
<argument> ...shipout:D \box_use:N \l_shipout_box 
                                                  \__shipout_drop_firstpage_...
l.205 \newpage
               <./Jpg/Figure15.png> <./Jpg/Figure16.png>]
<Jpg/Figure16a.png, id=158, 391.4625pt x 454.69875pt>
File: Jpg/Figure16a.png Graphic file (type png)
<use Jpg/Figure16a.png>
Package pdftex.def Info: Jpg/Figure16a.png  used on input line 211.
(pdftex.def)             Requested size: 364.19667pt x 423.0528pt.
<Jpg/Figure16b.png, id=159, 537.207pt x 284.262pt>
File: Jpg/Figure16b.png Graphic file (type png)
<use Jpg/Figure16b.png>
Package pdftex.def Info: Jpg/Figure16b.png  used on input line 220.
(pdftex.def)             Requested size: 364.19667pt x 192.7187pt.
 [10
pdfTeX warning (ext4): destination with the same identifier (name{figure.18}) h
as been already used, duplicate ignored
<argument> ...shipout:D \box_use:N \l_shipout_box 
                                                  \__shipout_drop_firstpage_...
l.224 
       <./Jpg/Figure16a.png>] [11
pdfTeX warning (ext4): destination with the same identifier (name{figure.19}) h
as been already used, duplicate ignored
<argument> ...shipout:D \box_use:N \l_shipout_box 
                                                  \__shipout_drop_firstpage_...
l.227 \newpage
               <./Jpg/Figure16b.png>]
<Jpg/Figure17.png, id=172, 791.95876pt x 234.1247pt>
File: Jpg/Figure17.png Graphic file (type png)
<use Jpg/Figure17.png>
Package pdftex.def Info: Jpg/Figure17.png  used on input line 239.
(pdftex.def)             Requested size: 364.19667pt x 107.6665pt.
<Jpg/Figure18.png, id=173, 767.86874pt x 517.18219pt>
File: Jpg/Figure18.png Graphic file (type png)
<use Jpg/Figure18.png>
Package pdftex.def Info: Jpg/Figure18.png  used on input line 248.
(pdftex.def)             Requested size: 364.19667pt x 245.30107pt.
 [12
pdfTeX warning (ext4): destination with the same identifier (name{figure.20}) h
as been already used, duplicate ignored
<argument> ...shipout:D \box_use:N \l_shipout_box 
                                                  \__shipout_drop_firstpage_...
l.253 \newpage
              
pdfTeX warning (ext4): destination with the same identifier (name{figure.21}) h
as been already used, duplicate ignored
<argument> ...shipout:D \box_use:N \l_shipout_box 
                                                  \__shipout_drop_firstpage_...
l.253 \newpage
               <./Jpg/Figure17.png> <./Jpg/Figure18.png>]
<Jpg/Figure19.png, id=183, 1043.69925pt x 540.21825pt>
File: Jpg/Figure19.png Graphic file (type png)
<use Jpg/Figure19.png>
Package pdftex.def Info: Jpg/Figure19.png  used on input line 259.
(pdftex.def)             Requested size: 364.19667pt x 188.5022pt.
<Jpg/Figure20.png, id=184, 635.976pt x 163.812pt>
File: Jpg/Figure20.png Graphic file (type png)
<use Jpg/Figure20.png>
Package pdftex.def Info: Jpg/Figure20.png  used on input line 268.
(pdftex.def)             Requested size: 364.19667pt x 93.80872pt.
 [13
pdfTeX warning (ext4): destination with the same identifier (name{figure.22}) h
as been already used, duplicate ignored
<argument> ...shipout:D \box_use:N \l_shipout_box 
                                                  \__shipout_drop_firstpage_...
l.273 \newpage
              
pdfTeX warning (ext4): destination with the same identifier (name{figure.23}) h
as been already used, duplicate ignored
<argument> ...shipout:D \box_use:N \l_shipout_box 
                                                  \__shipout_drop_firstpage_...
l.273 \newpage
               <./Jpg/Figure19.png> <./Jpg/Figure20.png>]
<Jpg/Figure21.png, id=194, 608.87476pt x 332.442pt>
File: Jpg/Figure21.png Graphic file (type png)
<use Jpg/Figure21.png>
Package pdftex.def Info: Jpg/Figure21.png  used on input line 281.
(pdftex.def)             Requested size: 364.19667pt x 198.85802pt.
<Jpg/Figure22.png, id=195, 897.3525pt x 461.92575pt>
File: Jpg/Figure22.png Graphic file (type png)
<use Jpg/Figure22.png>
Package pdftex.def Info: Jpg/Figure22.png  used on input line 290.
(pdftex.def)             Requested size: 364.19667pt x 187.47362pt.
 [14
pdfTeX warning (ext4): destination with the same identifier (name{figure.24}) h
as been already used, duplicate ignored
<argument> ...shipout:D \box_use:N \l_shipout_box 
                                                  \__shipout_drop_firstpage_...
l.295 \newpage
              
pdfTeX warning (ext4): destination with the same identifier (name{figure.25}) h
as been already used, duplicate ignored
<argument> ...shipout:D \box_use:N \l_shipout_box 
                                                  \__shipout_drop_firstpage_...
l.295 \newpage
               <./Jpg/Figure21.png> <./Jpg/Figure22.png>]
<Jpg/Figure23.png, id=205, 738.3585pt x 416.757pt>
File: Jpg/Figure23.png Graphic file (type png)
<use Jpg/Figure23.png>
Package pdftex.def Info: Jpg/Figure23.png  used on input line 299.
(pdftex.def)             Requested size: 364.19667pt x 205.56721pt.
<Jpg/Figure24.png, id=206, 663.6795pt x 356.532pt>
File: Jpg/Figure24.png Graphic file (type png)
<use Jpg/Figure24.png>
Package pdftex.def Info: Jpg/Figure24.png  used on input line 308.
(pdftex.def)             Requested size: 364.19667pt x 195.65253pt.
 [15
pdfTeX warning (ext4): destination with the same identifier (name{figure.26}) h
as been already used, duplicate ignored
<argument> ...shipout:D \box_use:N \l_shipout_box 
                                                  \__shipout_drop_firstpage_...
l.313 \newpage
              
pdfTeX warning (ext4): destination with the same identifier (name{figure.27}) h
as been already used, duplicate ignored
<argument> ...shipout:D \box_use:N \l_shipout_box 
                                                  \__shipout_drop_firstpage_...
l.313 \newpage
               <./Jpg/Figure23.png> <./Jpg/Figure24.png>]
<Jpg/Figure25.png, id=215, 549.55313pt x 386.19281pt>
File: Jpg/Figure25.png Graphic file (type png)
<use Jpg/Figure25.png>
Package pdftex.def Info: Jpg/Figure25.png  used on input line 319.
(pdftex.def)             Requested size: 364.19667pt x 255.94284pt.
 [16
pdfTeX warning (ext4): destination with the same identifier (name{figure.28}) h
as been already used, duplicate ignored
<argument> ...shipout:D \box_use:N \l_shipout_box 
                                                  \__shipout_drop_firstpage_...
l.324 \newpage
               <./Jpg/Figure25.png>]
<Jpg/Figure26.png, id=222, 787.14075pt x 347.49825pt>
File: Jpg/Figure26.png Graphic file (type png)
<use Jpg/Figure26.png>
Package pdftex.def Info: Jpg/Figure26.png  used on input line 333.
(pdftex.def)             Requested size: 364.19667pt x 160.78433pt.
<Jpg/Figure27.png, id=223, 555.2745pt x 528.17325pt>
File: Jpg/Figure27.png Graphic file (type png)
<use Jpg/Figure27.png>
Package pdftex.def Info: Jpg/Figure27.png  used on input line 340.
(pdftex.def)             Requested size: 364.19667pt x 346.43553pt.
 [17
pdfTeX warning (ext4): destination with the same identifier (name{figure.29}) h
as been already used, duplicate ignored
<argument> ...shipout:D \box_use:N \l_shipout_box 
                                                  \__shipout_drop_firstpage_...
l.345 \newpage
              
pdfTeX warning (ext4): destination with the same identifier (name{figure.30}) h
as been already used, duplicate ignored
<argument> ...shipout:D \box_use:N \l_shipout_box 
                                                  \__shipout_drop_firstpage_...
l.345 \newpage
               <./Jpg/Figure26.png> <./Jpg/Figure27.png>]
<Jpg/Figure28.png, id=233, 1150.89975pt x 608.2725pt>
File: Jpg/Figure28.png Graphic file (type png)
<use Jpg/Figure28.png>
Package pdftex.def Info: Jpg/Figure28.png  used on input line 353.
(pdftex.def)             Requested size: 364.19667pt x 192.47931pt.
<Jpg/Figure29.png, id=234, 1155.1155pt x 648.62325pt>
File: Jpg/Figure29.png Graphic file (type png)
<use Jpg/Figure29.png>
Package pdftex.def Info: Jpg/Figure29.png  used on input line 360.
(pdftex.def)             Requested size: 364.19667pt x 204.50545pt.
 [18
pdfTeX warning (ext4): destination with the same identifier (name{figure.31}) h
as been already used, duplicate ignored
<argument> ...shipout:D \box_use:N \l_shipout_box 
                                                  \__shipout_drop_firstpage_...
l.365 \newpage
              
pdfTeX warning (ext4): destination with the same identifier (name{figure.32}) h
as been already used, duplicate ignored
<argument> ...shipout:D \box_use:N \l_shipout_box 
                                                  \__shipout_drop_firstpage_...
l.365 \newpage
               <./Jpg/Figure28.png> <./Jpg/Figure29.png>]
<Jpg/Figure30.png, id=244, 1155.1155pt x 647.41875pt>
File: Jpg/Figure30.png Graphic file (type png)
<use Jpg/Figure30.png>
Package pdftex.def Info: Jpg/Figure30.png  used on input line 369.
(pdftex.def)             Requested size: 364.19667pt x 204.12567pt.
 [19
pdfTeX warning (ext4): destination with the same identifier (name{figure.33}) h
as been already used, duplicate ignored
<argument> ...shipout:D \box_use:N \l_shipout_box 
                                                  \__shipout_drop_firstpage_...
l.374 \end{document}
                     <./Jpg/Figure30.png>] (Output/HECRAS_2D_Workflow.aux)
 ***********
LaTeX2e <2023-11-01> patch level 1
L3 programming layer <2024-01-22>
 ***********


Package rerunfilecheck Warning: File `HECRAS_2D_Workflow.out' has changed.
(rerunfilecheck)                Rerun to get outlines right
(rerunfilecheck)                or use package `bookmark'.

Package rerunfilecheck Info: Checksums for `HECRAS_2D_Workflow.out':
(rerunfilecheck)             Before: 5C1C3F58CBBCEBF4A1661F51821F2623;2611
(rerunfilecheck)             After:  DF27C6576EF7BC1D96AC45B311917FE3;2764.
 ) 
Here is how much of TeX's memory you used:
 10749 strings out of 474222
 166462 string characters out of 5748733
 1928975 words of memory out of 5000000
 32798 multiletter control sequences out of 15000+600000
 575165 words of font info for 67 fonts, out of 8000000 for 9000
 1141 hyphenation exceptions out of 8191
 75i,7n,79p,440b,464s stack positions out of 10000i,1000n,20000p,200000b,200000s

pdfTeX warning (dest): name{subsection.6.1} has been referenced but does not ex
ist, replaced by a fixed one


pdfTeX warning (dest): name{section.6} has been referenced but does not exist, 
replaced by a fixed one

</usr/share/texmf/fonts/type1/public/cm-super/sftt1095.pfb></usr/share/texlive/
texmf-dist/fonts/type1/urw/palatino/uplb8a.pfb></usr/share/texlive/texmf-dist/f
onts/type1/urw/palatino/uplr8a.pfb></usr/share/texlive/texmf-dist/fonts/type1/u
rw/palatino/uplri8a.pfb>
Output written on Output/HECRAS_2D_Workflow.pdf (19 pages, 11460921 bytes).
PDF statistics:
 290 PDF objects out of 1000 (max. 8388607)
 193 compressed objects within 2 object streams
 71 named destinations out of 1000 (max. 500000)
 286 words of extra memory for PDF output out of 10000 (max. 10000000)

